exports[`Button renders a button 1`] = `
<button
  type="button" />
`;
